# LAP 1 

1- How many pods exist on the system?
minikube start 
üòÑ  minikube v1.33.1 on Darwin 14.6.1 (arm64)
‚ú®  Using the docker driver based on existing profile
üëç  Starting "minikube" primary control-plane node in "minikube" cluster
üöú  Pulling base image v0.0.44 ...
üîÑ  Restarting existing docker container for "minikube" ...
üéâ  minikube 1.34.0 is available! Download it: https://github.com/kubernetes/minikube/releases/tag/v1.34.0
üí°  To disable this notice, run: 'minikube config set WantUpdateNotification false'

üê≥  Preparing Kubernetes v1.30.0 on Docker 26.1.1 ...
üîé  Verifying Kubernetes components...
    ‚ñ™ Using image gcr.io/k8s-minikube/storage-provisioner:v5
üåü  Enabled addons: default-storageclass, storage-provisioner
üèÑ  Done! kubectl is now configured to use "minikube" cluster and "default" namespace by default
omarelbanna@Omars-MacBook-Air Day2 % kubectl get pods --all-namesspaces
error: unknown flag: --all-namesspaces
See 'kubectl get --help' for usage.
omarelbanna@Omars-MacBook-Air Day2 % kubectl get pods --all-namespaces

NAMESPACE     NAME                               READY   STATUS    RESTARTS       AGE
kube-system   coredns-7db6d8ff4d-dlcqm           1/1     Running   2 (17h ago)    17h
kube-system   etcd-minikube                      1/1     Running   2 (17h ago)    17h
kube-system   kube-apiserver-minikube            1/1     Running   2 (17h ago)    17h
kube-system   kube-controller-manager-minikube   1/1     Running   2 (17h ago)    17h
kube-system   kube-proxy-kw8zf                   1/1     Running   2 (17h ago)    17h
kube-system   kube-scheduler-minikube            1/1     Running   2 (17h ago)    17h
kube-system   storage-provisioner                1/1     Running   5 (102s ago)   17h
omarelbanna@Omars-MacBook-Air Day2 % kubectl get pods                 
No resources found in default namespace.


2- How many Nodes exist on the system?

omarelbanna@Omars-MacBook-Air Orange-DevOps % kubectl get nodes

NAME       STATUS   ROLES           AGE   VERSION
minikube   Ready    control-plane   18h   v1.30.0

3- Create a new pod with the nginx image.
    Image name: nginx

omarelbanna@Omars-MacBook-Air Orange-DevOps % kubectl run pod1 --image=nginx
pod/pod1 created

4- Which nodes are these pods placed on?

kubectl get pods -o wide

NAME   READY   STATUS    RESTARTS   AGE   IP           NODE       NOMINATED NODE   READINESS GATES
pod1   1/1     Running   0          43s   10.244.0.5   minikube   <none>           <none>

5- Create pod from the below yaml using kubectl apply command

omarelbanna@Omars-MacBook-Air Day3 % kubectl apply -f 5.yaml
pod/webapp created

6- How many containers are part of the pod webapp

2

kubectl get pod webapp
NAME     READY   STATUS             RESTARTS   AGE
webapp   1/2     ImagePullBackOff   0          2m11s

7- What images are used in the new webapp pod?

Only nginx 
The aginx node is waitng 

kubectl describe pod webapp
Name:             webapp
Namespace:        default
Priority:         0
Service Account:  default
Node:             minikube/192.168.49.2
Start Time:       Tue, 10 Sep 2024 12:44:38 +0300
Labels:           <none>
Annotations:      <none>
Status:           Pending
IP:               10.244.0.6
IPs:
  IP:  10.244.0.6
Containers:
  nginx:
    Container ID:   docker://11f16942a56860b0dd415873c9261aec90a5ee4639dd4fa8127b3482c8bf9f9f
    Image:          nginx
    Image ID:       docker-pullable://nginx@sha256:04ba374043ccd2fc5c593885c0eacddebabd5ca375f9323666f28dfd5a9710e3
    Port:           <none>
    Host Port:      <none>
                                **!!!** State:          **Running**
      Started:      Tue, 10 Sep 2024 12:45:00 +0300
    Ready:          True
    Restart Count:  0
    Environment:    <none>
    Mounts:
      /var/run/secrets/kubernetes.io/serviceaccount from kube-api-access-688fp (ro)
  agentx:
    Container ID:   
    Image:          agentx
    Image ID:       
    Port:           <none>
    Host Port:      <none>
                                **!!!** State:          **Waiting**
      Reason:       ErrImagePull
    Ready:          False
    Restart Count:  0
    Environment:    <none>
    Mounts:
      /var/run/secrets/kubernetes.io/serviceaccount from kube-api-access-688fp (ro)

8- What is the state of the container agentx in the pod webapp

Waiting 

agentx:
    Container ID:   
    Image:          agentx
    Image ID:       
    Port:           <none>
    Host Port:      <none>
                                **!!!** State:          **Waiting**
      Reason:       ErrImagePull
    Ready:          False
    Restart Count:  0
    Environment:    <none>
    Mounts:

9- Why do you think the container agentx in pod webapp is in error?

Wrong image name 

Pulling image "agentx"
  Warning  Failed     17s (x2 over 33s)  kubelet            Failed to pull image "agentx": Error response from daemon: pull access denied for agentx, repository does not exist or may require 'docker login': denied: requested access to the resource is denied
  Warning  Failed     17s (x2 over 33s)  kubelet            Error: ErrImagePull

10- Delete the webapp Pod.

 kubectl delete pod webapp

pod "webapp" deleted

11- Create a new pod with the name redis and with the image redis123.

 kubectl run redis --image=redis123
pod/redis created

12- Now change the image on this pod to redis.
Once done, the pod should be in a running state.

kubectl apply -f redis-pod.yaml
pod/redis created

13- Create a pod called my-pod of image nginx:alpine

kubectl get pod redis

NAME    READY   STATUS    RESTARTS   AGE
redis   1/1     Running   0          50s

14- Delete the pod called my-pod

kubectl delete pod my-pod

Error from server (NotFound): pods "my-pod" not found
omarelbanna@Omars-MacBook-Air Day3 % kubectl delete pod redis 

pod "redis" deleted
